--------------------------------------------------------------------------------------
Timing Analyzer Summary
--------------------------------------------------------------------------------------

Type           : Worst-case tco
Slack          : N/A
Required Time  : None
Actual Time    : 16.405 ns
From           : Instr_Reg:InsReg|Instr31_26[0]
To             : Alu[29]
From Clock     : clock
To Clock       : --
Failed Paths   : 0

Type           : Clock Setup: 'clock'
Slack          : N/A
Required Time  : None
Actual Time    : 86.36 MHz ( period = 11.580 ns )
From           : Instr_Reg:InsReg|Instr31_26[0]
To             : Registrador:PC_reg|Saida[14]
From Clock     : clock
To Clock       : clock
Failed Paths   : 0

Type           : Total number of failed paths
Slack          : 
Required Time  : 
Actual Time    : 
From           : 
To             : 
From Clock     : 
To Clock       : 
Failed Paths   : 0

--------------------------------------------------------------------------------------

